[     946ms] [LOG] %c
                                                                        ,,
                                                                       /  ,
                                                                      /   /
                                                                     /   /
                                                                    /   /
    ___________________________                                    /   /
    ⎢                         ⎥                                   /   /
    ⎢   오늘의 발견， 일상의 변화   ⎥                                  /   /
    ⎢____    _________________⎥                                 /   /
          \/    ,      ,,                                      /   /
               /%c@%c\____/%c@%c \                                ____/   /
              /           \                         _____/        /__
        /" \ / •    •      \                     __/             /  %c@@%c"\
        \    %c@@%c  ㅅ  %c@@%c     /___             ___/                /    _/
       /" \   \                 \__________/                    |__/ "\
       \   \                                                   /      /
        \    \  __                                                  _/
         \                                                       __/
           \_                                             ______/
              \ ___                                    __/
                    \__                             __/
                        \_____                _____/
                              \______________/

 font-weight: bold; font-weight: bold; color: #ff7777 font-weight: bold; font-weight: bold; color: #ff7777 font-weight: bold; font-weight: bold; color: #ff7777 font-weight: bold; font-weight: bold; color: #ff7777 font-weight: bold; font-weight: bold; color: #ff7777 font-weight: bold; @ https://asset.ohousecdn.com/_m/common/web/assets/esm-Cd57DlUz.js:4
[     949ms] [LOG] >> %chttps://www.bucketplace.com/careers/ font-family:monospace; font-weight: bold @ https://asset.ohousecdn.com/_m/common/web/assets/esm-Cd57DlUz.js:4
[    1314ms] [WARNING] 이미 초기화 되었습니다. @ https://asset.ohousecdn.com/_m/common/web/assets/esm-Cd57DlUz.js:4
[    3717ms] [WARNING] [Meta Pixel] - Invalid parameter format for currency. Please refer https://developers.facebook.com/docs/meta-pixel/reference/ for valid parameter specifications. @ https://asset.ohousecdn.com/_m/common/web/assets/esm-Cd57DlUz.js:4
[    3817ms] [WARNING] [Meta Pixel] - Invalid parameter format for currency. Please refer https://developers.facebook.com/docs/meta-pixel/reference/ for valid parameter specifications. @ https://asset.ohousecdn.com/_m/common/web/assets/esm-Cd57DlUz.js:4
